[
    {
        "attribution": "Michael Lieberman PhD, Rick Ricer MD",
        "briefDescription": "",
        "chapterPrice": 5.99,
        "copyrightYear": 2013,
        "description": "Studying biochemistry, molecular biology, and genetics? Try the Inkling version! On Inkling, Lieberman and Ricer's BRS Biochemistry, Molecular Biology, and Genetics delivers critical concepts and clinical correlates with interactive slideshows and diagrams that let you test yourself. Plus, take a quiz of USMLE-style review questions with answer feedback so you'll ace your exams, no sweat.",
        "edition": "6th edition",
        "price": 46.99,
        "primaryCategory": "Medicine",
        "publisher": "Lippincott Williams & Wilkins",
        "subCategories": [],
        "subtitle": "",
        "thumbnail": "data/thumbnails/book-01.jpeg",
        "title": "BRS Biochemistry, Molecular Biology, and Genetics",
        "url": "https://www.inkling.com/store/book/brs-biochemistry-molecular-biology-genetics-lieberman-6th/"
    },
    {
        "attribution": "Louise Hawley et al.",
        "briefDescription": "",
        "chapterPrice": 5.99,
        "copyrightYear": 2013,
        "description": "Studying microbiology and immunology? Try the Inkling version! On Inkling, BRS Microbiology & Immunology delivers critical concepts in immunological function and human infection with interactive slideshows and diagrams that let you test yourself. Plus, take a quiz of USMLE-style review questions with answer feedback so you'll ace your exams, no sweat.",
        "edition": "6th edition",
        "price": 46.99,
        "primaryCategory": "Medicine",
        "publisher": "Lippincott Williams & Wilkins",
        "subCategories": [],
        "subtitle": "",
        "thumbnail": "data/thumbnails/book-01.jpeg",
        "title": "BRS Microbiology & Immunology",
        "url": "https://www.inkling.com/store/book/brs-microbiology-immunology-hawley-6th/"
    }
]
